## type Decl(MVar,x,N(0.0),Binary(Seq,Assign(Var(x),Binary(Plus,Var(x),N(23.0))),Print(Binary(Plus,Var(x),N(45.0))))) : Undefined
## step    0:
##  Map()
##  Decl(MVar,x,N(0.0),Binary(Seq,Assign(Var(x),Binary(Plus,Var(x),N(23.0))),Print(Binary(Plus,Var(x),N(45.0)))))
## step    1:
##  Map(A(1) -> N(0.0))
##  Binary(Seq,Assign(Unary(Deref,A(1)),Binary(Plus,Unary(Deref,A(1)),N(23.0))),Print(Binary(Plus,Unary(Deref,A(1)),N(45.0))))
## step    2:
##  Map(A(1) -> N(0.0))
##  Binary(Seq,Assign(Unary(Deref,A(1)),Binary(Plus,N(0.0),N(23.0))),Print(Binary(Plus,Unary(Deref,A(1)),N(45.0))))
## step    3:
##  Map(A(1) -> N(0.0))
##  Binary(Seq,Assign(Unary(Deref,A(1)),N(23.0)),Print(Binary(Plus,Unary(Deref,A(1)),N(45.0))))
## step    4:
##  Map(A(1) -> N(23.0))
##  Binary(Seq,N(23.0),Print(Binary(Plus,Unary(Deref,A(1)),N(45.0))))
## step    5:
##  Map(A(1) -> N(23.0))
##  Print(Binary(Plus,Unary(Deref,A(1)),N(45.0)))
## step    6:
##  Map(A(1) -> N(23.0))
##  Print(Binary(Plus,N(23.0),N(45.0)))
## step    7:
##  Map(A(1) -> N(23.0))
##  Print(N(68.0))
68.0
## result:
##  Map(A(1) -> N(23.0))
##  Undefined
undefined
